 version:      d333ba4-dirty[0m
[0;32mI (227) app_init: Compile time:     Feb 24 2025 18:52:46[0m
[0;32mI (233) app_init: ELF file SHA256:  c68869429...[0m
[0;32mI (ï¿½ets Jun  8 2016 00:22:57

rst:0x1 (POWERON_RESET),boot:0x13 (SPI_FAST_FLASH_BOOT)
configsip: 0, SPIWP:0xee
clk_drv:0x00,q_drv:0x00,d_drv:0x00,cs0_drv:0x00,hd_drv:0x00,wp_drv:0x00
mode:DIO, clock div:2
load:0x3fff0030,len:7112
load:0x40078000,len:15788
ho 0 tail 12 room 4
load:0x40080400,len:4
load:0x40080404,len:3904
entry 0x40080640
[0;32mI (30) boot: ESP-IDF v5.4-dev-2744-g59e1838270 2nd stage bootloader[0m
[0;32mI (30) boot: compile time Feb 24 2025 18:52:52[0m
[0;32mI (32) boot: Multicore bootloader[0m
[0;32mI (36) boot: chip revision: v1.0[0m
[0;32mI (40) boot.esp32: SPI Speed      : 40MHz[0m
[0;32mI (44) boot.esp32: SPI Mode       : DIO[0m
[0;32mI (49) boot.esp32: SPI Flash Size : 4MB[0m
[0;32mI (53) boot: Enabling RNG early entropy source...[0m
[0;32mI (59) boot: Partition Table:[0m
[0;32mI (62) boot: ## Label            Usage          Type ST Offset   Length[0m
[0;32mI (70) boot:  0 nvs              WiFi data        01 02 00009000 00006000[0m
[0;32mI (77) boot:  1 phy_init         RF data          01 01 0000f000 00001000[0m
[0;32mI (85) boot:  2 factory          factory app      00 00 00010000 00100000[0m
[0;32mI (92) boot: End of partition table[0m
[0;32mI (96) esp_image: segment 0: paddr=00010020 vaddr=3f400020 size=0b0e8h ( 45288) map[0m
[0;32mI (120) esp_image: segment 1: paddr=0001b110 vaddr=3ffb0000 size=02364h (  9060) load[0m
[0;32mI (124) esp_image: segment 2: paddr=0001d47c vaddr=40080000 size=02b9ch ( 11164) load[0m
[0;32mI (131) esp_image: segment 3: paddr=00020020 vaddr=400d0020 size=1732ch ( 95020) map[0m
[0;32mI (167) esp_image: segment 4: paddr=00037354 vaddr=40082b9c size=0b2c0h ( 45760) load[0m
[0;32mI (192) boot: Loaded app from partition at offset 0x10000[0m
[0;32mI (192) boot: Disabling RNG early entropy source...[0m
[0;32mI (205) cpu_start: Multicore app[0m
[0;32mI (213) cpu_start: Pro cpu start user code[0m
[0;32mI (213) cpu_start: cpu freq: 160000000 Hz[0m
[0;32mI (213) app_init: Application information:[0m
[0;32mI (216) app_init: Project name:     lung-detect[0m
[0;32mI (221) app_init: App version:      d333ba4-dirty[0m
[0;32mI (227) app_init: Compile time:     Feb 24 2025 18:52:46[0m
[0;32mI (233) app_init: ELF file SHA256:  c68869429...[0m
[0;32mI (238) app_init: ESP-IDF:          v5.4-dev-2744-g59e1838270[0m
[0;32mI (244) efuse_init: Min chip rev:     v0.0[0m
[0;32mI (249) efuse_init: Max chip rev:     v3.99 [0m
[0;32mI (254) efuse_init: Chip rev:         v1.0[0m
[0;32mI (259) heap_init: Initializing. RAM available for dynamic allocation:[0m
[0;32mI (266) heap_init: At 3FFAE6E0 len 00001920 (6 KiB): DRAM[0m
[0;32mI (272) heap_init: At 3FFB2C28 len 0002D3D8 (180 KiB): DRAM[0m
[0;32mI (278) heap_init: At 3FFE0440 len 00003AE0 (14 KiB): D/IRAM[0m
[0;32mI (285) heap_init: At 3FFE4350 len 0001BCB0 (111 KiB): D/IRAM[0m
[0;32mI (291) heap_init: At 4008DE5C len 000121A4 (72 KiB): IRAM[0m
[0;32mI (299) spi_flash: detected chip: gd[0m
[0;32mI (302) spi_flash: flash io: dio[0m
[0;32mI (306) main_task: Started on CPU0[0m
[0;32mI (316) main_task: Calling app_main()[0m
[0;32mI (316) SWITCH_ISR: Initializ